// Jest Snapshot v1, https://goo.gl/fbAQLP

exports[`renders homepage 1`] = `
<div>
  <div>
    <div
      class="MuiBox-root css-1dhj0oh"
    />
  </div>
</div>
`;
